{
    "orig_user_id": "eed9dea3-5468-45f8-b562-7ad5de2587d0",
    "time": "1864-04-12T12:22:43.673Z",
    "cnv_access": [],
    "non_creator_members": [],
    "cnv_access_roles": [
        "team_member",
        "non_team_member"
    ],
    "protocol": "mls",
    "cnv_type": 2,
    "group_id": "\u0000\u0000\u0000\u0001\u0000\u0000\u0000\u0000\u0000\u0000\u0000\u0000\u0000\u0000\u0000\u0001mydomain.com",
    "receipt_mode": null,
    "message_timer": null,
    "cnv_name": null,
    "cnv_id": "d13dbe58-d4e3-450f-9c0c-1e632f548740"
}