"AAAAAgAAAAAAAAAAAAAAAWFiY2RlZi50ZXN0T2JqZWN0X0dyb3VwSWRfMi50ZXN0T2JqZWN0X0dyb3VwSWRfMi50ZXN0T2JqZWN0X0dyb3VwSWRfMi50ZXN0T2JqZWN0X0dyb3VwSWRfMi50ZXN0T2JqZWN0X0dyb3VwSWRfMi50ZXN0T2JqZWN0X0dyb3VwSWRfMi50ZXN0T2JqZWN0X0dyb3VwSWRfMi50ZXN0T2JqZWN0X0dyb3VwSWRfMi50ZXN0T2JqZWN0X0dyb3VwSWRfMi50ZXN0T2JqZWN0X0dyb3VwSWRfMi50ZXN0T2JqZWN0X0dyb3VwSWRfMi5jb20="
